info: Entering event queue @ 0.  Starting simulation...
system.cpu2: completed 10000 read, 5473 write accesses @58566500
system.cpu6: completed 10000 read, 5523 write accesses @59843500
system.cpu5: completed 10000 read, 5528 write accesses @59904000
system.cpu7: completed 10000 read, 5514 write accesses @60034500
system.cpu0: completed 10000 read, 5658 write accesses @60233500
system.cpu3: completed 10000 read, 5550 write accesses @60702500
system.cpu4: completed 10000 read, 5695 write accesses @60917500
system.cpu1: completed 10000 read, 5725 write accesses @61099500
system.cpu2: completed 20000 read, 10969 write accesses @109573500
system.cpu5: completed 20000 read, 10959 write accesses @111117500
system.cpu3: completed 20000 read, 11038 write accesses @111396500
system.cpu0: completed 20000 read, 11218 write accesses @111506000
system.cpu4: completed 20000 read, 11202 write accesses @111558000
system.cpu7: completed 20000 read, 11032 write accesses @111670500
system.cpu6: completed 20000 read, 11032 write accesses @111779000
system.cpu1: completed 20000 read, 11327 write accesses @113231500
system.cpu2: completed 30000 read, 16515 write accesses @161507000
system.cpu0: completed 30000 read, 16644 write accesses @162395000
system.cpu7: completed 30000 read, 16545 write accesses @162882500
system.cpu3: completed 30000 read, 16513 write accesses @163027000
system.cpu6: completed 30000 read, 16475 write accesses @163034500
system.cpu5: completed 30000 read, 16469 write accesses @163300000
system.cpu4: completed 30000 read, 16897 write accesses @163344000
system.cpu1: completed 30000 read, 16913 write accesses @164885000
system.cpu0: completed 40000 read, 22123 write accesses @213066500
system.cpu2: completed 40000 read, 22089 write accesses @213473000
system.cpu6: completed 40000 read, 21968 write accesses @214022000
system.cpu5: completed 40000 read, 21906 write accesses @214049000
system.cpu3: completed 40000 read, 22031 write accesses @214263000
system.cpu7: completed 40000 read, 22229 write accesses @214976000
system.cpu4: completed 40000 read, 22554 write accesses @215424500
system.cpu1: completed 40000 read, 22442 write accesses @217521500
system.cpu0: completed 50000 read, 27709 write accesses @263850000
system.cpu2: completed 50000 read, 27612 write accesses @264790500
system.cpu3: completed 50000 read, 27566 write accesses @265777000
system.cpu6: completed 50000 read, 27538 write accesses @265782000
system.cpu7: completed 50000 read, 27685 write accesses @266141500
system.cpu5: completed 50000 read, 27548 write accesses @266553000
system.cpu4: completed 50000 read, 28257 write accesses @267147000
system.cpu1: completed 50000 read, 27983 write accesses @269091000
system.cpu0: completed 60000 read, 33078 write accesses @314408000
system.cpu2: completed 60000 read, 33072 write accesses @315865000
system.cpu5: completed 60000 read, 32995 write accesses @317291000
system.cpu3: completed 60000 read, 33143 write accesses @317543000
system.cpu4: completed 60000 read, 33625 write accesses @317708500
system.cpu6: completed 60000 read, 33157 write accesses @318055000
system.cpu7: completed 60000 read, 33258 write accesses @318228500
system.cpu1: completed 60000 read, 33452 write accesses @319797500
system.cpu0: completed 70000 read, 38678 write accesses @365094500
system.cpu2: completed 70000 read, 38556 write accesses @367862000
system.cpu5: completed 70000 read, 38571 write accesses @368721000
system.cpu7: completed 70000 read, 38701 write accesses @369173000
system.cpu6: completed 70000 read, 38748 write accesses @369193000
system.cpu3: completed 70000 read, 38709 write accesses @369417500
system.cpu4: completed 70000 read, 39130 write accesses @369476500
system.cpu1: completed 70000 read, 38979 write accesses @370747000
system.cpu0: completed 80000 read, 44199 write accesses @416948000
system.cpu2: completed 80000 read, 44125 write accesses @418910500
system.cpu5: completed 80000 read, 44009 write accesses @419509500
system.cpu4: completed 80000 read, 44684 write accesses @420399000
system.cpu6: completed 80000 read, 44359 write accesses @421077500
system.cpu7: completed 80000 read, 44242 write accesses @421366000
system.cpu3: completed 80000 read, 44262 write accesses @421560000
system.cpu1: completed 80000 read, 44523 write accesses @422115500
system.cpu0: completed 90000 read, 49818 write accesses @468627500
system.cpu2: completed 90000 read, 49680 write accesses @469870500
system.cpu5: completed 90000 read, 49407 write accesses @470722000
system.cpu4: completed 90000 read, 50231 write accesses @472043000
system.cpu7: completed 90000 read, 49777 write accesses @472284500
system.cpu3: completed 90000 read, 49703 write accesses @472306500
system.cpu6: completed 90000 read, 49992 write accesses @472978000
system.cpu1: completed 90000 read, 50145 write accesses @474732500
system.cpu0: completed 100000 read, 55341 write accesses @520307000
